// Jest Snapshot v1, https://goo.gl/fbAQLP

exports[`renders correctly 1`] = `
Array [
  <h6 />,
  <p>
    <span
      style={
        Object {
          "color": "rgb(64.000002,64.000002,64.000002)",
          "fontSize": 12,
        }
      }
    >
      

    </span>
  </p>,
  <h6 />,
  <table
    style={
      Object {
        "borderCollapse": "collapse",
      }
    }
  >
    <tr>
      <td
        colSpan={1}
        rowSpan={1}
        style={
          Object {
            "borderCollapse": "collapse",
          }
        }
      >
        <p>
          <span
            style={
              Object {
                "color": "rgb(64.000002,64.000002,64.000002)",
                "fontSize": 12,
              }
            }
          >
            First

          </span>
        </p>
      </td>
      <td
        colSpan={1}
        rowSpan={1}
        style={
          Object {
            "borderCollapse": "collapse",
          }
        }
      >
        <p>
          <span
            style={
              Object {
                "color": "rgb(64.000002,64.000002,64.000002)",
                "fontSize": 12,
              }
            }
          >
            Second

          </span>
        </p>
      </td>
    </tr>
    <tr>
      <td
        colSpan={1}
        rowSpan={1}
        style={
          Object {
            "borderCollapse": "collapse",
          }
        }
      >
        <p>
          <span
            style={
              Object {
                "color": "rgb(64.000002,64.000002,64.000002)",
                "fontSize": 12,
              }
            }
          >
            Third

          </span>
        </p>
      </td>
      <td
        colSpan={1}
        rowSpan={1}
        style={
          Object {
            "borderCollapse": "collapse",
          }
        }
      >
        <p>
          <span
            style={
              Object {
                "color": "rgb(64.000002,64.000002,64.000002)",
                "fontSize": 12,
              }
            }
          >
            Fourth

          </span>
        </p>
      </td>
    </tr>
  </table>,
  <p>
    <span
      style={
        Object {
          "color": "rgb(64.000002,64.000002,64.000002)",
          "fontSize": 12,
        }
      }
    >
      

    </span>
  </p>,
  <p>
    <span
      style={
        Object {
          "color": "rgb(64.000002,64.000002,64.000002)",
          "fontSize": 12,
        }
      }
    >
      

    </span>
  </p>,
]
`;
