// Jest Snapshot v1, https://goo.gl/fbAQLP

exports[`renders correctly 1`] = `
Array [
  <h6 />,
  <p>
    <span
      style={
        Object {
          "color": "rgb(64.000002,64.000002,64.000002)",
          "fontSize": 12,
        }
      }
    >
      List

    </span>
  </p>,
  <ol>
    <li>
      <span
        style={
          Object {
            "color": "rgb(64.000002,64.000002,64.000002)",
            "fontSize": 12,
          }
        }
      >
        First Item

      </span>
    </li>
    <li>
      <span
        style={
          Object {
            "color": "rgb(64.000002,64.000002,64.000002)",
            "fontSize": 12,
          }
        }
      >
        Second Item

      </span>
    </li>
  </ol>,
  <p>
    <span
      style={
        Object {
          "color": "rgb(64.000002,64.000002,64.000002)",
          "fontSize": 12,
        }
      }
    >
      

    </span>
  </p>,
]
`;
