// Jest Snapshot v1, https://goo.gl/fbAQLP

exports[`renders correctly 1`] = `
Array [
  <h6 />,
  <p>
    <span
      style={
        Object {
          "color": "rgb(64.000002,64.000002,64.000002)",
          "fontSize": 12,
        }
      }
    >
      This is just a normal paragraph.
    </span>
    <span
      style={Object {}}
    >
      

    </span>
  </p>,
]
`;
