// Jest Snapshot v1, https://goo.gl/fbAQLP

exports[`renders correctly 1`] = `
<h3>
  <span
    style={Object {}}
  >
    Heading 3

  </span>
</h3>
`;
