// Jest Snapshot v1, https://goo.gl/fbAQLP

exports[`renders correctly 1`] = `
<h2>
  <span
    style={Object {}}
  >
    Heading 2

  </span>
</h2>
`;
