// Jest Snapshot v1, https://goo.gl/fbAQLP

exports[`renders correctly 1`] = `
<h1>
  <span
    style={Object {}}
  >
    Heading 1

  </span>
</h1>
`;
