// Jest Snapshot v1, https://goo.gl/fbAQLP

exports[`renders correctly 1`] = `
<h4>
  <span
    style={Object {}}
  >
    Heading 4

  </span>
</h4>
`;
