// Jest Snapshot v1, https://goo.gl/fbAQLP

exports[`renders correctly 1`] = `
<span
  style={
    Object {
      "color": "rgb(64.000002,64.000002,64.000002)",
      "fontSize": 45,
    }
  }
>
  Text
</span>
`;
