// Jest Snapshot v1, https://goo.gl/fbAQLP

exports[`renders correctly 1`] = `
<span
  style={
    Object {
      "fontStyle": "italic",
    }
  }
>
  Text
</span>
`;
