// Jest Snapshot v1, https://goo.gl/fbAQLP

exports[`renders correctly 1`] = `
<span
  style={
    Object {
      "backgroundColor": "rgb(255,255,0)",
      "color": "rgb(64.000002,64.000002,64.000002)",
    }
  }
>
  Text
</span>
`;
